
> ia-whatsapp@0.1.0 build
> next build

▲ Next.js 16.2.7 (Turbopack)
- Environments: .env

  Creating an optimized production build ...
✓ Compiled successfully in 1424ms
  Running TypeScript ...
  Finished TypeScript in 1928ms ...
  Collecting page data using 6 workers ...
  Generating static pages using 6 workers (0/5) ...
  Generating static pages using 6 workers (1/5) 
  Generating static pages using 6 workers (2/5) 
  Generating static pages using 6 workers (3/5) 
✓ Generating static pages using 6 workers (5/5) in 415ms
  Finalizing page optimization ...

Route (app)
┌ ○ /
├ ○ /_not-found
└ ƒ /api/auth/refresh


○  (Static)   prerendered as static content
ƒ  (Dynamic)  server-rendered on demand

